
DCo_Hetero.hs:24:10: warning: [-Wmissing-methods (in -Wdefault)]
    • No explicit implementation for
        ‘fromEnum’
    • In the instance declaration for ‘Enum (a :~~: b)’
