
T14584a.hs:12:9: warning: [-Wdeferred-type-errors (in -Wdefault)]
    • Expected a type, but ‘m’ has kind ‘k’
      ‘k’ is a rigid type variable bound by
        the type signature for:
          f :: forall {k} (m :: k). ()
        at T14584a.hs:11:1-17
    • In the type ‘m’
      In the expression: id @m :: _
      In an equation for ‘f’: f = id @m :: _

T14584a.hs:12:14: warning: [-Wpartial-type-signatures (in -Wdefault)]
    • Found type wildcard ‘_’ standing for ‘()’
    • In an expression type signature: _
      In the expression: id @m :: _
      In an equation for ‘f’: f = id @m :: _
    • Relevant bindings include f :: () (bound at T14584a.hs:12:1)

T14584a.hs:15:17: warning: [-Wdeferred-type-errors (in -Wdefault)]
    • Expected a type, but ‘m’ has kind ‘k’
      ‘k’ is a rigid type variable bound by
        the type signature for:
          g :: forall {k} (m :: k). ()
        at T14584a.hs:14:1-17
    • In the type ‘m’
      In the expression: id @m
      In an equation for ‘h’: h = id @m
    • Relevant bindings include h :: m -> m (bound at T14584a.hs:15:9)
