TYPE SIGNATURES
  f :: forall {a}. a -> (a, Integer)
  x :: Integer
Dependent modules: []
Dependent packages: [base-4.16.0.0]
