TYPE SIGNATURES
  x ::
    forall (x :: Bool).
    P (F Int) (x |> Sym (Hydrate nominal (F Int) T14729.D:R:FInt))
  y :: forall {x :: Bool}. P Bool x
TYPE CONSTRUCTORS
  type family F{1} :: * -> *
    roles nominal
  data type P{2} :: forall k -> k -> *
    roles nominal phantom
COERCION AXIOMS
  axiom T14729.D:R:FInt :: F Int = Bool
FAMILY INSTANCES
  type instance F Int = Bool -- Defined at T14729.hs:10:15
Dependent modules: []
Dependent packages: [base-4.16.0.0]
